// Jest Snapshot v1, https://goo.gl/fbAQLP

exports[`RegForm component should render RegForm component 1`] = `
<main
  className="reg-form"
>
  <p>
    шаг 1 из 3
  </p>
  <h1
    className="title"
  >
    Расскажите о себе
  </h1>
  <div
    className="container"
  >
    <AboutUser />
  </div>
</main>
`;
